// Jest Snapshot v1, https://goo.gl/fbAQLP

exports[`AppBurger matches snapshot 1`] = `<div data-burger-test-id="" class="burger"><span></span><span></span><span></span></div>`;
